I'm sorry, but errors were detected in your script. Please correct the
errors listed below, and try again.


File "game/script.rpy", line 14: expected statement.
    <…>
      ^

Ren'Py Version: Ren'Py 6.99.14.1.3218
Wed Feb 28 23:52:29 2018
